// Jest Snapshot v1, https://goo.gl/fbAQLP

exports[`components > DemoApp renders correctly 1`] = `
Array [
  <header
    className="MuiPaper-root-12 MuiPaper-elevation4-18 MuiAppBar-root-4 MuiAppBar-positionStatic-8 MuiAppBar-colorPrimary-10"
>
    <div
        className="MuiToolbar-root-39 MuiToolbar-regular-41 MuiToolbar-gutters-40"
    >
        <h2
            className="MuiTypography-root-43 MuiTypography-title-49 MuiTypography-colorInherit-62"
            style={
                Object {
                    "flex": "auto",
                  }
            }
        >
            Getting Started
        </h2>
        <button
            className="MuiButtonBase-root-74 MuiIconButton-root-68 MuiIconButton-colorInherit-69"
            disabled={false}
            onBlur={[Function]}
            onClick={[Function]}
            onFocus={[Function]}
            onKeyDown={[Function]}
            onKeyUp={[Function]}
            onMouseDown={[Function]}
            onMouseLeave={[Function]}
            onMouseUp={[Function]}
            onTouchEnd={[Function]}
            onTouchMove={[Function]}
            onTouchStart={[Function]}
            tabIndex="0"
            type="button"
        >
            <span
                className="MuiIconButton-label-73"
            >
                <svg
                    aria-hidden="true"
                    className="MuiSvgIcon-root-77"
                    color={undefined}
                    focusable="false"
                    viewBox="0 0 24 24"
                >
                    <path
                        d="M15.5 14h-.79l-.28-.27C15.41 12.59 16 11.11 16 9.5 16 5.91 13.09 3 9.5 3S3 5.91 3 9.5 5.91 16 9.5 16c1.61 0 3.09-.59 4.23-1.57l.27.28v.79l5 4.99L20.49 19l-4.99-5zm-6 0C7.01 14 5 11.99 5 9.5S7.01 5 9.5 5 14 7.01 14 9.5 11.99 14 9.5 14z"
                    />
                    <path
                        d="M0 0h24v24H0z"
                        fill="none"
                    />
                </svg>
            </span>
            <span
                className="MuiTouchRipple-root-84"
            />
        </button>
        <div
            className="MuiPaper-root-12 MuiPaper-elevation1-15"
            color="inherit"
            style={
                Object {
                    "left": 0,
                    "opacity": 0,
                    "overflow": "hidden",
                    "pointerEvents": "none",
                    "position": "absolute",
                    "transition": "opacity 100ms linear",
                    "width": "100%",
                  }
            }
        >
            <div
                className="MuiToolbar-root-39 MuiToolbar-regular-41"
            >
                <button
                    className="MuiButtonBase-root-74 MuiIconButton-root-68"
                    disabled={false}
                    onBlur={[Function]}
                    onClick={[Function]}
                    onFocus={[Function]}
                    onKeyDown={[Function]}
                    onKeyUp={[Function]}
                    onMouseDown={[Function]}
                    onMouseLeave={[Function]}
                    onMouseUp={[Function]}
                    onTouchEnd={[Function]}
                    onTouchMove={[Function]}
                    onTouchStart={[Function]}
                    tabIndex="0"
                    type="button"
                >
                    <span
                        className="MuiIconButton-label-73"
                    >
                        <svg
                            aria-hidden="true"
                            className="MuiSvgIcon-root-77"
                            color={undefined}
                            focusable="false"
                            viewBox="0 0 24 24"
                        >
                            <path
                                d="M0 0h24v24H0z"
                                fill="none"
                            />
                            <path
                                d="M20 11H7.83l5.59-5.59L12 4l-8 8 8 8 1.41-1.41L7.83 13H20v-2z"
                            />
                        </svg>
                    </span>
                    <span
                        className="MuiTouchRipple-root-84"
                    />
                </button>
                <div
                    className="MuiInput-root-91 MuiInput-fullWidth-98"
                >
                    <input
                        aria-invalid={undefined}
                        autoComplete={undefined}
                        autoFocus={undefined}
                        className="MuiInput-input-99 MuiInput-inputType-102 MuiInput-inputTypeSearch-103"
                        defaultValue={undefined}
                        disabled={undefined}
                        id={undefined}
                        name={undefined}
                        onBlur={[Function]}
                        onChange={[Function]}
                        onFocus={[Function]}
                        onKeyDown={undefined}
                        onKeyUp={undefined}
                        placeholder="Search"
                        readOnly={undefined}
                        required={undefined}
                        rows={undefined}
                        type="search"
                        value=""
                    />
                    <div
                        className="MuiInputAdornment-root-104 MuiInputAdornment-positionEnd-106"
                    >
                        <button
                            aria-label="Clear search query"
                            className="MuiButtonBase-root-74 MuiIconButton-root-68"
                            disabled={false}
                            onBlur={[Function]}
                            onClick={[Function]}
                            onFocus={[Function]}
                            onKeyDown={[Function]}
                            onKeyUp={[Function]}
                            onMouseDown={[Function]}
                            onMouseLeave={[Function]}
                            onMouseUp={[Function]}
                            onTouchEnd={[Function]}
                            onTouchMove={[Function]}
                            onTouchStart={[Function]}
                            tabIndex="0"
                            type="button"
                        >
                            <span
                                className="MuiIconButton-label-73"
                            >
                                <svg
                                    aria-hidden="true"
                                    className="MuiSvgIcon-root-77"
                                    color={undefined}
                                    focusable="false"
                                    viewBox="0 0 24 24"
                                >
                                    <path
                                        d="M19 6.41L17.59 5 12 10.59 6.41 5 5 6.41 10.59 12 5 17.59 6.41 19 12 13.41 17.59 19 19 17.59 13.41 12z"
                                    />
                                    <path
                                        d="M0 0h24v24H0z"
                                        fill="none"
                                    />
                                </svg>
                            </span>
                            <span
                                className="MuiTouchRipple-root-84"
                            />
                        </button>
                    </div>
                </div>
            </div>
        </div>
    </div>
</header>,
  <div
    className="Wrapper-root-108 WithStyles-Wrapper--root-107"
>
    <div
        className="MuiPaper-root-12 MuiPaper-elevation0-14 MuiStepper-root-109 MuiStepper-vertical-111"
    >
        <div
            className="MuiStep-root-113 MuiStep-vertical-115"
        >
            <span
                className="MuiStepLabel-root-118 MuiStepLabel-vertical-120"
            >
                <span
                    className="MuiStepLabel-iconContainer-126"
                >
                    <svg
                        aria-hidden="true"
                        className="MuiSvgIcon-root-77 MuiStepIcon-root-129 MuiStepIcon-active-131"
                        color={undefined}
                        focusable="false"
                        viewBox="0 0 24 24"
                    >
                        <circle
                            cx="12"
                            cy="12"
                            r="12"
                        />
                        <text
                            className="MuiStepIcon-text-130"
                            textAnchor="middle"
                            x="12"
                            y="16"
                        >
                            1
                        </text>
                    </svg>
                </span>
                <span
                    className="MuiStepLabel-labelContainer-128"
                >
                    <span
                        className="MuiTypography-root-43 MuiTypography-body1-52 MuiStepLabel-label-121 MuiStepLabel-active-122"
                    >
                        Select campaign settings
                    </span>
                </span>
            </span>
            <div
                className="MuiStepContent-root-134"
                disabled={false}
                icon={1}
            >
                <div
                    className="MuiCollapse-container-137 MuiCollapse-entered-138 MuiStepContent-transition-136"
                    style={
                        Object {
                            "minHeight": "0px",
                          }
                    }
                >
                    <div
                        className="MuiCollapse-wrapper-139"
                    >
                        <div
                            className="MuiCollapse-wrapperInner-140"
                        >
                            <p
                                className="MuiTypography-root-43 MuiTypography-body1-52"
                            >
                                For each ad campaign that you create, you can control how much
                                              you're willing to spend on clicks and conversions, which networks
                                              and geographical locations you want your ads to show on, and more.
                            </p>
                            <div
                                className="WebOnboarding-actionsContainer-2"
                            >
                                <div>
                                    <button
                                        className="MuiButtonBase-root-74 MuiButtonBase-disabled-75 MuiButton-root-141 MuiButton-text-143 MuiButton-flat-146 MuiButton-disabled-159 WebOnboarding-button-1"
                                        disabled={true}
                                        onBlur={[Function]}
                                        onClick={[Function]}
                                        onFocus={[Function]}
                                        onKeyDown={[Function]}
                                        onKeyUp={[Function]}
                                        onMouseDown={[Function]}
                                        onMouseLeave={[Function]}
                                        onMouseUp={[Function]}
                                        onTouchEnd={[Function]}
                                        onTouchMove={[Function]}
                                        onTouchStart={[Function]}
                                        tabIndex="-1"
                                        type="button"
                                    >
                                        <span
                                            className="MuiButton-label-142"
                                        >
                                            Back
                                        </span>
                                    </button>
                                    <button
                                        className="MuiButtonBase-root-74 MuiButton-root-141 MuiButton-contained-150 MuiButton-containedPrimary-151 MuiButton-raised-153 MuiButton-raisedPrimary-154 WebOnboarding-button-1"
                                        disabled={false}
                                        onBlur={[Function]}
                                        onClick={[Function]}
                                        onFocus={[Function]}
                                        onKeyDown={[Function]}
                                        onKeyUp={[Function]}
                                        onMouseDown={[Function]}
                                        onMouseLeave={[Function]}
                                        onMouseUp={[Function]}
                                        onTouchEnd={[Function]}
                                        onTouchMove={[Function]}
                                        onTouchStart={[Function]}
                                        tabIndex="0"
                                        type="button"
                                    >
                                        <span
                                            className="MuiButton-label-142"
                                        >
                                            Next
                                        </span>
                                        <span
                                            className="MuiTouchRipple-root-84"
                                        />
                                    </button>
                                </div>
                            </div>
                        </div>
                    </div>
                </div>
            </div>
        </div>
        <div
            className="MuiStepConnector-root-165 MuiStepConnector-vertical-167"
        >
            <span
                className="MuiStepConnector-line-169 MuiStepConnector-lineVertical-171"
            />
        </div>
        <div
            className="MuiStep-root-113 MuiStep-vertical-115"
        >
            <span
                className="MuiStepLabel-root-118 MuiStepLabel-vertical-120 MuiStepLabel-disabled-125"
            >
                <span
                    className="MuiStepLabel-iconContainer-126"
                >
                    <svg
                        aria-hidden="true"
                        className="MuiSvgIcon-root-77 MuiStepIcon-root-129"
                        color={undefined}
                        focusable="false"
                        viewBox="0 0 24 24"
                    >
                        <circle
                            cx="12"
                            cy="12"
                            r="12"
                        />
                        <text
                            className="MuiStepIcon-text-130"
                            textAnchor="middle"
                            x="12"
                            y="16"
                        >
                            2
                        </text>
                    </svg>
                </span>
                <span
                    className="MuiStepLabel-labelContainer-128"
                >
                    <span
                        className="MuiTypography-root-43 MuiTypography-body1-52 MuiStepLabel-label-121"
                    >
                        Create an ad group
                    </span>
                </span>
            </span>
            <div
                className="MuiStepContent-root-134"
                disabled={true}
                icon={2}
            />
        </div>
        <div
            className="MuiStepConnector-root-165 MuiStepConnector-vertical-167"
        >
            <span
                className="MuiStepConnector-line-169 MuiStepConnector-lineVertical-171"
            />
        </div>
        <div
            className="MuiStep-root-113 MuiStep-vertical-115"
        >
            <span
                className="MuiStepLabel-root-118 MuiStepLabel-vertical-120 MuiStepLabel-disabled-125"
            >
                <span
                    className="MuiStepLabel-iconContainer-126"
                >
                    <svg
                        aria-hidden="true"
                        className="MuiSvgIcon-root-77 MuiStepIcon-root-129"
                        color={undefined}
                        focusable="false"
                        viewBox="0 0 24 24"
                    >
                        <circle
                            cx="12"
                            cy="12"
                            r="12"
                        />
                        <text
                            className="MuiStepIcon-text-130"
                            textAnchor="middle"
                            x="12"
                            y="16"
                        >
                            3
                        </text>
                    </svg>
                </span>
                <span
                    className="MuiStepLabel-labelContainer-128"
                >
                    <span
                        className="MuiTypography-root-43 MuiTypography-body1-52 MuiStepLabel-label-121"
                    >
                        Create an ad
                    </span>
                </span>
            </span>
            <div
                className="MuiStepContent-root-134 MuiStepContent-last-135"
                disabled={true}
                icon={3}
            />
        </div>
    </div>
</div>,
]
`;
