// Jest Snapshot v1, https://goo.gl/fbAQLP

exports[`BottomNavBar renders correctly 1`] = `
<WithStyles(BottomNavigation)
  classes={
    Object {
      "test": "test",
    }
  }
  showLabels={true}
  value="/reasons"
>
  <WithStyles(BottomNavigationAction)
    component={[Function]}
    icon="div"
    label="Feed"
    to="/feed"
    value="/feed"
  />
  <WithStyles(BottomNavigationAction)
    component={[Function]}
    icon="div"
    label="Grid"
    to="/grid"
    value="/grid"
  />
  <WithStyles(BottomNavigationAction)
    component={[Function]}
    icon="div"
    label="Profile"
    to="/profile"
    value="/profile"
  />
</WithStyles(BottomNavigation)>
`;

exports[`BottomNavBar renders with router correctly 1`] = `
<Route>
  [Function]
</Route>
`;
